// Jest Snapshot v1, https://goo.gl/fbAQLP

exports[`<Accordion /> renders the <Accordion /> with populated data 1`] = `
<div
  class="accordion__Container-sc-1drqh43-0 iJkhvl"
>
  <div
    class="accordion__Inner-sc-1drqh43-2 gLhaei"
  >
    <h2
      class="accordion__Title-sc-1drqh43-3 gKkuyd"
    >
      Frequently Asked Question
    </h2>
    <div
      class="accordion__Frame-sc-1drqh43-1 bwKqDM"
    >
      <section
        class="accordion__Item-sc-1drqh43-4 ksozVe"
      >
        <header
          class="accordion__Header-sc-1drqh43-5 rDirl"
        >
          What is Netflix?
          <svg
            fill="currentColor"
            height="1em"
            stroke="currentColor"
            stroke-width="0"
            viewBox="0 0 24 24"
            width="1em"
            xmlns="http://www.w3.org/2000/svg"
          >
            <path
              d="M19 13h-6v6h-2v-6H5v-2h6V5h2v6h6v2z"
            />
          </svg>
        </header>
        <article
          class="accordion__Body-sc-1drqh43-6 cqceYJ closed"
        >
          <span>
            Netflix is a streaming service that offers a wide variety of award-winning TV programmes, films, anime, documentaries and more – on thousands of internet-connected devices.

You can watch as much as you want, whenever you want, without a single advert – all for one low monthly price. There's always something new to discover, and new TV programmes and films are added every week!
          </span>
        </article>
      </section>
      <section
        class="accordion__Item-sc-1drqh43-4 ksozVe"
      >
        <header
          class="accordion__Header-sc-1drqh43-5 rDirl"
        >
          How much does Netflix cost?
          <svg
            fill="currentColor"
            height="1em"
            stroke="currentColor"
            stroke-width="0"
            viewBox="0 0 24 24"
            width="1em"
            xmlns="http://www.w3.org/2000/svg"
          >
            <path
              d="M19 13h-6v6h-2v-6H5v-2h6V5h2v6h6v2z"
            />
          </svg>
        </header>
        <article
          class="accordion__Body-sc-1drqh43-6 cqceYJ closed"
        >
          <span>
            Watch Netflix on your smartphone, tablet, smart TV, laptop or streaming device, all for one low fixed monthly fee. Plans start from £5.99 a month. No extra costs or contracts.
          </span>
        </article>
      </section>
      <section
        class="accordion__Item-sc-1drqh43-4 ksozVe"
      >
        <header
          class="accordion__Header-sc-1drqh43-5 rDirl"
        >
          Where can I watch?
          <svg
            fill="currentColor"
            height="1em"
            stroke="currentColor"
            stroke-width="0"
            viewBox="0 0 24 24"
            width="1em"
            xmlns="http://www.w3.org/2000/svg"
          >
            <path
              d="M19 13h-6v6h-2v-6H5v-2h6V5h2v6h6v2z"
            />
          </svg>
        </header>
        <article
          class="accordion__Body-sc-1drqh43-6 cqceYJ closed"
        >
          <span>
            Watch anywhere, anytime, on an unlimited number of devices. Sign in with your Netflix account to watch instantly on the web at netflix.com from your personal computer or on any internet-connected device that offers the Netflix app, including smart TVs, smartphones, tablets, streaming media players and game consoles.

You can also download your favourite programmes with the iOS, Android, or Windows 10 app. Use downloads to watch while you're on the go and without an internet connection. Take Netflix with you anywhere.
          </span>
        </article>
      </section>
      <section
        class="accordion__Item-sc-1drqh43-4 ksozVe"
      >
        <header
          class="accordion__Header-sc-1drqh43-5 rDirl"
        >
          How do I cancel?
          <svg
            fill="currentColor"
            height="1em"
            stroke="currentColor"
            stroke-width="0"
            viewBox="0 0 24 24"
            width="1em"
            xmlns="http://www.w3.org/2000/svg"
          >
            <path
              d="M19 13h-6v6h-2v-6H5v-2h6V5h2v6h6v2z"
            />
          </svg>
        </header>
        <article
          class="accordion__Body-sc-1drqh43-6 cqceYJ closed"
        >
          <span>
            Netflix is flexible. There are no annoying contracts and no commitments. You can easily cancel your account online in two clicks. There are no cancellation fees – start or stop your account at any time.
          </span>
        </article>
      </section>
      <section
        class="accordion__Item-sc-1drqh43-4 ksozVe"
      >
        <header
          class="accordion__Header-sc-1drqh43-5 rDirl"
        >
          What can I watch on Netflix?
          <svg
            fill="currentColor"
            height="1em"
            stroke="currentColor"
            stroke-width="0"
            viewBox="0 0 24 24"
            width="1em"
            xmlns="http://www.w3.org/2000/svg"
          >
            <path
              d="M19 13h-6v6h-2v-6H5v-2h6V5h2v6h6v2z"
            />
          </svg>
        </header>
        <article
          class="accordion__Body-sc-1drqh43-6 cqceYJ closed"
        >
          <span>
            Netflix has an extensive library of feature films, documentaries, TV programmes, anime, award-winning Netflix originals, and more. Watch as much as you want, any time you want.
          </span>
        </article>
      </section>
    </div>
  </div>
</div>
`;

exports[`opens and closes the <Accordion /> component 1`] = `
<div
  class="accordion__Container-sc-1drqh43-0 iJkhvl"
>
  <div
    class="accordion__Inner-sc-1drqh43-2 gLhaei"
  >
    <h2
      class="accordion__Title-sc-1drqh43-3 gKkuyd"
    >
      Frequently Asked Question
    </h2>
    <div
      class="accordion__Frame-sc-1drqh43-1 bwKqDM"
    >
      <section
        class="accordion__Item-sc-1drqh43-4 ksozVe"
      >
        <header
          class="accordion__Header-sc-1drqh43-5 rDirl"
        >
          What is Netflix?
          <svg
            fill="currentColor"
            height="1em"
            stroke="currentColor"
            stroke-width="0"
            viewBox="0 0 24 24"
            width="1em"
            xmlns="http://www.w3.org/2000/svg"
          >
            <path
              d="M19 13h-6v6h-2v-6H5v-2h6V5h2v6h6v2z"
            />
          </svg>
        </header>
        <article
          class="accordion__Body-sc-1drqh43-6 cqceYJ closed"
        >
          <span>
            Netflix is a streaming service that offers a wide variety of award-winning TV programmes, films, anime, documentaries and more – on thousands of internet-connected devices.

You can watch as much as you want, whenever you want, without a single advert – all for one low monthly price. There's always something new to discover, and new TV programmes and films are added every week!
          </span>
        </article>
      </section>
      <section
        class="accordion__Item-sc-1drqh43-4 ksozVe"
      >
        <header
          class="accordion__Header-sc-1drqh43-5 rDirl"
        >
          How much does Netflix cost?
          <svg
            fill="currentColor"
            height="1em"
            stroke="currentColor"
            stroke-width="0"
            viewBox="0 0 24 24"
            width="1em"
            xmlns="http://www.w3.org/2000/svg"
          >
            <path
              d="M19 13h-6v6h-2v-6H5v-2h6V5h2v6h6v2z"
            />
          </svg>
        </header>
        <article
          class="accordion__Body-sc-1drqh43-6 cqceYJ closed"
        >
          <span>
            Watch Netflix on your smartphone, tablet, smart TV, laptop or streaming device, all for one low fixed monthly fee. Plans start from £5.99 a month. No extra costs or contracts.
          </span>
        </article>
      </section>
      <section
        class="accordion__Item-sc-1drqh43-4 ksozVe"
      >
        <header
          class="accordion__Header-sc-1drqh43-5 rDirl"
        >
          Where can I watch?
          <svg
            fill="currentColor"
            height="1em"
            stroke="currentColor"
            stroke-width="0"
            viewBox="0 0 24 24"
            width="1em"
            xmlns="http://www.w3.org/2000/svg"
          >
            <path
              d="M19 13h-6v6h-2v-6H5v-2h6V5h2v6h6v2z"
            />
          </svg>
        </header>
        <article
          class="accordion__Body-sc-1drqh43-6 cqceYJ closed"
        >
          <span>
            Watch anywhere, anytime, on an unlimited number of devices. Sign in with your Netflix account to watch instantly on the web at netflix.com from your personal computer or on any internet-connected device that offers the Netflix app, including smart TVs, smartphones, tablets, streaming media players and game consoles.

You can also download your favourite programmes with the iOS, Android, or Windows 10 app. Use downloads to watch while you're on the go and without an internet connection. Take Netflix with you anywhere.
          </span>
        </article>
      </section>
      <section
        class="accordion__Item-sc-1drqh43-4 ksozVe"
      >
        <header
          class="accordion__Header-sc-1drqh43-5 rDirl"
        >
          How do I cancel?
          <svg
            fill="currentColor"
            height="1em"
            stroke="currentColor"
            stroke-width="0"
            viewBox="0 0 24 24"
            width="1em"
            xmlns="http://www.w3.org/2000/svg"
          >
            <path
              d="M19 13h-6v6h-2v-6H5v-2h6V5h2v6h6v2z"
            />
          </svg>
        </header>
        <article
          class="accordion__Body-sc-1drqh43-6 cqceYJ closed"
        >
          <span>
            Netflix is flexible. There are no annoying contracts and no commitments. You can easily cancel your account online in two clicks. There are no cancellation fees – start or stop your account at any time.
          </span>
        </article>
      </section>
      <section
        class="accordion__Item-sc-1drqh43-4 ksozVe"
      >
        <header
          class="accordion__Header-sc-1drqh43-5 rDirl"
        >
          What can I watch on Netflix?
          <svg
            fill="currentColor"
            height="1em"
            stroke="currentColor"
            stroke-width="0"
            viewBox="0 0 24 24"
            width="1em"
            xmlns="http://www.w3.org/2000/svg"
          >
            <path
              d="M19 13h-6v6h-2v-6H5v-2h6V5h2v6h6v2z"
            />
          </svg>
        </header>
        <article
          class="accordion__Body-sc-1drqh43-6 cqceYJ closed"
        >
          <span>
            Netflix has an extensive library of feature films, documentaries, TV programmes, anime, award-winning Netflix originals, and more. Watch as much as you want, any time you want.
          </span>
        </article>
      </section>
    </div>
  </div>
</div>
`;
