// Jest Snapshot v1, https://goo.gl/fbAQLP

exports[`<Footer /> renders the <Footer /> with populated data 1`] = `
<footer
  class="footer__Container-y863vs-0 jxhylM"
>
  <p
    class="footer__Title-y863vs-4 elwnGE"
  >
    Questions? Contact Us
  </p>
  <div
    class="footer__Break-y863vs-6 eavZkT"
  />
  <div
    class="footer__Row-y863vs-2 hwhVlo"
  >
    <section
      class="footer__Column-y863vs-1 guRtpN"
    >
      <a
        class="footer__Link-y863vs-3 jvfZGr"
        href="#"
      >
        FAQ
      </a>
      <a
        class="footer__Link-y863vs-3 jvfZGr"
        href="#"
      >
        Investor Relations
      </a>
      <a
        class="footer__Link-y863vs-3 jvfZGr"
        href="#"
      >
        Ways to Watch
      </a>
      <a
        class="footer__Link-y863vs-3 jvfZGr"
        href="#"
      >
        Coporate Information
      </a>
      <a
        class="footer__Link-y863vs-3 jvfZGr"
        href="#"
      >
        Netflix Originals
      </a>
    </section>
    <section
      class="footer__Column-y863vs-1 guRtpN"
    >
      <a
        class="footer__Link-y863vs-3 jvfZGr"
        href="#"
      >
        Help Centre
      </a>
      <a
        class="footer__Link-y863vs-3 jvfZGr"
        href="#"
      >
        Jobs
      </a>
      <a
        class="footer__Link-y863vs-3 jvfZGr"
        href="#"
      >
        Terms of Use
      </a>
      <a
        class="footer__Link-y863vs-3 jvfZGr"
        href="#"
      >
        Contact Us
      </a>
    </section>
    <section
      class="footer__Column-y863vs-1 guRtpN"
    >
      <a
        class="footer__Link-y863vs-3 jvfZGr"
        href="#"
      >
        Account
      </a>
      <a
        class="footer__Link-y863vs-3 jvfZGr"
        href="#"
      >
        Redeem Gift Cards
      </a>
      <a
        class="footer__Link-y863vs-3 jvfZGr"
        href="#"
      >
        Privacy
      </a>
      <a
        class="footer__Link-y863vs-3 jvfZGr"
        href="#"
      >
        Speed Test
      </a>
    </section>
    <section
      class="footer__Column-y863vs-1 guRtpN"
    >
      <a
        class="footer__Link-y863vs-3 jvfZGr"
        href="#"
      >
        Media Centre
      </a>
      <a
        class="footer__Link-y863vs-3 jvfZGr"
        href="#"
      >
        Buy Gift Cards
      </a>
      <a
        class="footer__Link-y863vs-3 jvfZGr"
        href="#"
      >
        Cookie Preferences
      </a>
      <a
        class="footer__Link-y863vs-3 jvfZGr"
        href="#"
      >
        Legal Notices
      </a>
    </section>
  </div>
  <div
    class="footer__Break-y863vs-6 eavZkT"
  />
  <p
    class="footer__Text-y863vs-5 bLrDSf"
  >
    Netflix Clone
  </p>
</footer>
`;
